error: language item required, but not found: `eh_personality`

error: `#[panic_handler]` function required, but not found

error: aborting due to 2 previous errors

